###############################################################################
#
# IAR ELF Linker V8.50.9.278/W32 for ARM                  11/Feb/2021  14:37:25
# Copyright 2007-2020 IAR Systems AB.
#
#    Output file  =
#        C:\Users\alperen\Desktop\STAJ_1\CubeMX_Project\TIMER_LowLevel_Delay\timerProject\EWARM\timerProject\Exe\timerProject.out
#    Map file     =
#        C:\Users\alperen\Desktop\STAJ_1\CubeMX_Project\TIMER_LowLevel_Delay\timerProject\EWARM\timerProject\List\timerProject.map
#    Command line =
#        -f C:\Users\alperen\AppData\Local\Temp\EW37D4.tmp
#        (C:\Users\alperen\Desktop\STAJ_1\CubeMX_Project\TIMER_LowLevel_Delay\timerProject\EWARM\timerProject\Obj\main.o
#        C:\Users\alperen\Desktop\STAJ_1\CubeMX_Project\TIMER_LowLevel_Delay\timerProject\EWARM\timerProject\Obj\startup_stm32f407xx.o
#        C:\Users\alperen\Desktop\STAJ_1\CubeMX_Project\TIMER_LowLevel_Delay\timerProject\EWARM\timerProject\Obj\stm32f4xx_hal.o
#        C:\Users\alperen\Desktop\STAJ_1\CubeMX_Project\TIMER_LowLevel_Delay\timerProject\EWARM\timerProject\Obj\stm32f4xx_hal_cortex.o
#        C:\Users\alperen\Desktop\STAJ_1\CubeMX_Project\TIMER_LowLevel_Delay\timerProject\EWARM\timerProject\Obj\stm32f4xx_hal_dma.o
#        C:\Users\alperen\Desktop\STAJ_1\CubeMX_Project\TIMER_LowLevel_Delay\timerProject\EWARM\timerProject\Obj\stm32f4xx_hal_dma_ex.o
#        C:\Users\alperen\Desktop\STAJ_1\CubeMX_Project\TIMER_LowLevel_Delay\timerProject\EWARM\timerProject\Obj\stm32f4xx_hal_exti.o
#        C:\Users\alperen\Desktop\STAJ_1\CubeMX_Project\TIMER_LowLevel_Delay\timerProject\EWARM\timerProject\Obj\stm32f4xx_hal_flash.o
#        C:\Users\alperen\Desktop\STAJ_1\CubeMX_Project\TIMER_LowLevel_Delay\timerProject\EWARM\timerProject\Obj\stm32f4xx_hal_flash_ex.o
#        C:\Users\alperen\Desktop\STAJ_1\CubeMX_Project\TIMER_LowLevel_Delay\timerProject\EWARM\timerProject\Obj\stm32f4xx_hal_flash_ramfunc.o
#        C:\Users\alperen\Desktop\STAJ_1\CubeMX_Project\TIMER_LowLevel_Delay\timerProject\EWARM\timerProject\Obj\stm32f4xx_hal_gpio.o
#        C:\Users\alperen\Desktop\STAJ_1\CubeMX_Project\TIMER_LowLevel_Delay\timerProject\EWARM\timerProject\Obj\stm32f4xx_hal_msp.o
#        C:\Users\alperen\Desktop\STAJ_1\CubeMX_Project\TIMER_LowLevel_Delay\timerProject\EWARM\timerProject\Obj\stm32f4xx_hal_pwr.o
#        C:\Users\alperen\Desktop\STAJ_1\CubeMX_Project\TIMER_LowLevel_Delay\timerProject\EWARM\timerProject\Obj\stm32f4xx_hal_pwr_ex.o
#        C:\Users\alperen\Desktop\STAJ_1\CubeMX_Project\TIMER_LowLevel_Delay\timerProject\EWARM\timerProject\Obj\stm32f4xx_hal_rcc.o
#        C:\Users\alperen\Desktop\STAJ_1\CubeMX_Project\TIMER_LowLevel_Delay\timerProject\EWARM\timerProject\Obj\stm32f4xx_hal_rcc_ex.o
#        C:\Users\alperen\Desktop\STAJ_1\CubeMX_Project\TIMER_LowLevel_Delay\timerProject\EWARM\timerProject\Obj\stm32f4xx_hal_tim.o
#        C:\Users\alperen\Desktop\STAJ_1\CubeMX_Project\TIMER_LowLevel_Delay\timerProject\EWARM\timerProject\Obj\stm32f4xx_hal_tim_ex.o
#        C:\Users\alperen\Desktop\STAJ_1\CubeMX_Project\TIMER_LowLevel_Delay\timerProject\EWARM\timerProject\Obj\stm32f4xx_it.o
#        C:\Users\alperen\Desktop\STAJ_1\CubeMX_Project\TIMER_LowLevel_Delay\timerProject\EWARM\timerProject\Obj\system_stm32f4xx.o
#        --redirect _Printf=_PrintfFull --redirect _Scanf=_ScanfFull
#        --no_out_extension -o
#        C:\Users\alperen\Desktop\STAJ_1\CubeMX_Project\TIMER_LowLevel_Delay\timerProject\EWARM\timerProject\Exe\timerProject.out
#        --map
#        C:\Users\alperen\Desktop\STAJ_1\CubeMX_Project\TIMER_LowLevel_Delay\timerProject\EWARM\timerProject\List\timerProject.map
#        --config
#        C:\Users\alperen\Desktop\STAJ_1\CubeMX_Project\TIMER_LowLevel_Delay\timerProject\EWARM/stm32f407xx_flash.icf
#        --semihosting --entry __iar_program_start --vfe --text_out locale)
#
###############################################################################

*******************************************************************************
*** RUNTIME MODEL ATTRIBUTES
***

CppFlavor       = *
__SystemLibrary = DLib
__dlib_version  = 6


*******************************************************************************
*** HEAP SELECTION
***

The basic heap was selected because some modules are built with
size limitations (and not runtime checking), and --advanced_heap
was not specified.


*******************************************************************************
*** PLACEMENT SUMMARY
***

"A0":  place at address 0x800'0000 { ro section .intvec };
"P1":  place in [from 0x800'0000 to 0x80f'ffff] { ro };
define block CSTACK with size = 1K, alignment = 8 { };
define block HEAP with size = 512, alignment = 8 { };
"P2":  place in [from 0x2000'0000 to 0x2001'ffff] {
          rw, block CSTACK, block HEAP };
initialize by copy { rw };

  Section            Kind         Address   Size  Object
  -------            ----         -------   ----  ------
"A0":                                      0x188
  .intvec            ro code   0x800'0000  0x188  startup_stm32f407xx.o [1]
                             - 0x800'0188  0x188

"P1":                                      0xab9
  .text              ro code   0x800'0188  0x310  stm32f4xx_hal_rcc.o [1]
  .text              ro code   0x800'0498    0xc  stm32f4xx_hal.o [1]
  .text              ro code   0x800'04a4  0x180  stm32f4xx_hal_rcc.o [1]
  .text              ro code   0x800'0624   0x40  stm32f4xx_hal.o [1]
  .text              ro code   0x800'0664  0x106  I64DivMod_small.o [4]
  .text              ro code   0x800'076c   0x8c  stm32f4xx_hal_cortex.o [1]
  .text              ro code   0x800'07f8    0x2  I64DivZer.o [4]
  .text              ro code   0x800'07fc  0x160  main.o [1]
  .text              ro code   0x800'095c    0x6  ABImemclr4.o [4]
  .text              ro code   0x800'0964   0x32  ABImemset48.o [4]
  .text              ro code   0x800'0996   0x38  packbits_init_single.o [4]
  .text              ro code   0x800'09d0   0x2c  system_stm32f4xx.o [1]
  .text              ro code   0x800'09fc   0x28  data_init.o [4]
  .text              ro code   0x800'0a24   0x22  fpinit_M.o [3]
  .iar.init_table    const     0x800'0a48   0x10  - Linker created -
  .text              ro code   0x800'0a58   0x1e  cmain.o [4]
  .text              ro code   0x800'0a76    0x4  low_level_init.o [2]
  .text              ro code   0x800'0a7a    0x4  exit.o [2]
  .text              ro code   0x800'0a80    0xa  cexit.o [4]
  .text              ro code   0x800'0a8c   0x14  exit.o [5]
  .text              ro code   0x800'0aa0   0x1c  cstartup_M.o [4]
  .text              ro code   0x800'0abc   0x14  stm32f4xx_it.o [1]
  .text              ro code   0x800'0ad0   0x10  stm32f4xx_hal.o [1]
  .text              ro code   0x800'0ae0   0x10  startup_stm32f407xx.o [1]
  .text              ro code   0x800'0af0    0x4  startup_stm32f407xx.o [1]
  .text              ro code   0x800'0af4    0x4  startup_stm32f407xx.o [1]
  .text              ro code   0x800'0af8    0x4  startup_stm32f407xx.o [1]
  .text              ro code   0x800'0afc    0x4  startup_stm32f407xx.o [1]
  .text              ro code   0x800'0b00    0x4  startup_stm32f407xx.o [1]
  .text              ro code   0x800'0b04    0x4  startup_stm32f407xx.o [1]
  .text              ro code   0x800'0b08    0x4  startup_stm32f407xx.o [1]
  .text              ro code   0x800'0b0c    0x4  startup_stm32f407xx.o [1]
  .text              ro code   0x800'0b10    0x4  startup_stm32f407xx.o [1]
  .text              ro code   0x800'0b14    0x4  startup_stm32f407xx.o [1]
  .text              ro code   0x800'0b18    0x4  startup_stm32f407xx.o [1]
  .text              ro code   0x800'0b1c    0x4  startup_stm32f407xx.o [1]
  .text              ro code   0x800'0b20    0x4  startup_stm32f407xx.o [1]
  .text              ro code   0x800'0b24    0x4  startup_stm32f407xx.o [1]
  .text              ro code   0x800'0b28    0x4  startup_stm32f407xx.o [1]
  .text              ro code   0x800'0b2c    0x4  startup_stm32f407xx.o [1]
  .text              ro code   0x800'0b30    0x4  startup_stm32f407xx.o [1]
  .text              ro code   0x800'0b34    0x4  startup_stm32f407xx.o [1]
  .text              ro code   0x800'0b38    0x4  startup_stm32f407xx.o [1]
  .text              ro code   0x800'0b3c    0x4  startup_stm32f407xx.o [1]
  .text              ro code   0x800'0b40    0x4  startup_stm32f407xx.o [1]
  .text              ro code   0x800'0b44    0x4  startup_stm32f407xx.o [1]
  .text              ro code   0x800'0b48    0x4  startup_stm32f407xx.o [1]
  .text              ro code   0x800'0b4c    0x4  startup_stm32f407xx.o [1]
  .text              ro code   0x800'0b50    0x4  startup_stm32f407xx.o [1]
  .text              ro code   0x800'0b54    0x4  startup_stm32f407xx.o [1]
  .text              ro code   0x800'0b58    0x4  startup_stm32f407xx.o [1]
  .text              ro code   0x800'0b5c    0x4  startup_stm32f407xx.o [1]
  .text              ro code   0x800'0b60    0x4  startup_stm32f407xx.o [1]
  .text              ro code   0x800'0b64    0x4  startup_stm32f407xx.o [1]
  .text              ro code   0x800'0b68    0x4  startup_stm32f407xx.o [1]
  .text              ro code   0x800'0b6c    0x4  startup_stm32f407xx.o [1]
  .text              ro code   0x800'0b70    0x4  startup_stm32f407xx.o [1]
  .text              ro code   0x800'0b74    0x4  startup_stm32f407xx.o [1]
  .text              ro code   0x800'0b78    0x4  startup_stm32f407xx.o [1]
  .text              ro code   0x800'0b7c    0x4  startup_stm32f407xx.o [1]
  .text              ro code   0x800'0b80    0x4  startup_stm32f407xx.o [1]
  .text              ro code   0x800'0b84    0x4  startup_stm32f407xx.o [1]
  .text              ro code   0x800'0b88    0x4  startup_stm32f407xx.o [1]
  .text              ro code   0x800'0b8c    0x4  startup_stm32f407xx.o [1]
  .text              ro code   0x800'0b90    0x4  startup_stm32f407xx.o [1]
  .text              ro code   0x800'0b94    0x4  startup_stm32f407xx.o [1]
  .text              ro code   0x800'0b98    0x4  startup_stm32f407xx.o [1]
  .text              ro code   0x800'0b9c    0x4  startup_stm32f407xx.o [1]
  .text              ro code   0x800'0ba0    0x4  startup_stm32f407xx.o [1]
  .text              ro code   0x800'0ba4    0x4  startup_stm32f407xx.o [1]
  .text              ro code   0x800'0ba8    0x4  startup_stm32f407xx.o [1]
  .text              ro code   0x800'0bac    0x4  startup_stm32f407xx.o [1]
  .text              ro code   0x800'0bb0    0x4  startup_stm32f407xx.o [1]
  .text              ro code   0x800'0bb4    0x4  startup_stm32f407xx.o [1]
  .text              ro code   0x800'0bb8    0x4  startup_stm32f407xx.o [1]
  .text              ro code   0x800'0bbc    0x4  startup_stm32f407xx.o [1]
  .text              ro code   0x800'0bc0    0x4  startup_stm32f407xx.o [1]
  .text              ro code   0x800'0bc4    0x4  startup_stm32f407xx.o [1]
  .text              ro code   0x800'0bc8    0x4  startup_stm32f407xx.o [1]
  .text              ro code   0x800'0bcc    0x4  startup_stm32f407xx.o [1]
  .text              ro code   0x800'0bd0    0x4  startup_stm32f407xx.o [1]
  .text              ro code   0x800'0bd4    0x4  startup_stm32f407xx.o [1]
  .text              ro code   0x800'0bd8    0x4  startup_stm32f407xx.o [1]
  .text              ro code   0x800'0bdc    0x4  startup_stm32f407xx.o [1]
  .text              ro code   0x800'0be0    0x4  startup_stm32f407xx.o [1]
  .text              ro code   0x800'0be4    0x4  startup_stm32f407xx.o [1]
  .text              ro code   0x800'0be8    0x4  startup_stm32f407xx.o [1]
  .text              ro code   0x800'0bec    0x4  startup_stm32f407xx.o [1]
  .text              ro code   0x800'0bf0    0x4  startup_stm32f407xx.o [1]
  .text              ro code   0x800'0bf4    0x4  startup_stm32f407xx.o [1]
  .text              ro code   0x800'0bf8    0x4  startup_stm32f407xx.o [1]
  .text              ro code   0x800'0bfc    0x4  startup_stm32f407xx.o [1]
  .text              ro code   0x800'0c00    0x4  startup_stm32f407xx.o [1]
  .text              ro code   0x800'0c04    0x4  startup_stm32f407xx.o [1]
  .text              ro code   0x800'0c08    0x4  startup_stm32f407xx.o [1]
  .text              ro code   0x800'0c0c    0x4  startup_stm32f407xx.o [1]
  .text              ro code   0x800'0c10    0x4  startup_stm32f407xx.o [1]
  .text              ro code   0x800'0c14    0x4  startup_stm32f407xx.o [1]
  .text              ro code   0x800'0c18    0x4  startup_stm32f407xx.o [1]
  .text              ro code   0x800'0c1c    0x4  startup_stm32f407xx.o [1]
  .text              ro code   0x800'0c20    0x4  startup_stm32f407xx.o [1]
  .text              ro code   0x800'0c24    0x4  startup_stm32f407xx.o [1]
  .text              ro code   0x800'0c28    0x4  startup_stm32f407xx.o [1]
  .text              ro code   0x800'0c2c    0x4  startup_stm32f407xx.o [1]
  .text              ro code   0x800'0c30    0x4  startup_stm32f407xx.o [1]
  .rodata            const     0x800'0c34    0x0  packbits_init_single.o [4]
  Initializer bytes  const     0x800'0c34    0xd  <for P2-1>
                             - 0x800'0c41  0xab9

"P2", part 1 of 2:                          0x18
  P2-1                        0x2000'0000   0x18  <Init block>
    .data            inited   0x2000'0000    0xc  stm32f4xx_hal.o [1]
    .data            inited   0x2000'000c    0x4  system_stm32f4xx.o [1]
    .bss             inited   0x2000'0010    0x8  main.o [1]
                            - 0x2000'0018   0x18

"P2", part 2 of 2:                         0x400
  CSTACK                      0x2000'0018  0x400  <Block>
    CSTACK           uninit   0x2000'0018  0x400  <Block tail>
                            - 0x2000'0418  0x400

Unused ranges:

         From           To      Size
         ----           --      ----
   0x800'0c41   0x80f'ffff  0xf'f3bf
  0x2000'0418  0x2001'ffff  0x1'fbe8


*******************************************************************************
*** INIT TABLE
***

          Address      Size
          -------      ----
Copy/packbits (__iar_packbits_init_single3)
    1 source range, total size 0xd (54% of destination):
           0x800'0c34   0xd
    1 destination range, total size 0x18:
          0x2000'0000  0x18



*******************************************************************************
*** MODULE SUMMARY
***

    Module                  ro code  ro data  rw data
    ------                  -------  -------  -------
command line/config:
    -------------------------------------------------
    Total:

C:\Users\alperen\Desktop\STAJ_1\CubeMX_Project\TIMER_LowLevel_Delay\timerProject\EWARM\timerProject\Obj: [1]
    main.o                      352        5        8
    startup_stm32f407xx.o       732
    stm32f4xx_hal.o              92        6       12
    stm32f4xx_hal_cortex.o      140
    stm32f4xx_hal_rcc.o       1'168
    stm32f4xx_it.o               20
    system_stm32f4xx.o           44        2        4
    -------------------------------------------------
    Total:                    2'548       13       24

dl7M_tlf.a: [2]
    exit.o                        4
    low_level_init.o              4
    -------------------------------------------------
    Total:                        8

m7M_tls.a: [3]
    fpinit_M.o                   34
    -------------------------------------------------
    Total:                       34

rt7M_tl.a: [4]
    ABImemclr4.o                  6
    ABImemset48.o                50
    I64DivMod_small.o           262
    I64DivZer.o                   2
    cexit.o                      10
    cmain.o                      30
    cstartup_M.o                 28
    data_init.o                  40
    packbits_init_single.o       56
    -------------------------------------------------
    Total:                      484

shb_l.a: [5]
    exit.o                       20
    -------------------------------------------------
    Total:                       20

    Gaps                         12        2
    Linker created                        16    1'024
-----------------------------------------------------
    Grand Total:              3'106       31    1'048


*******************************************************************************
*** ENTRY LIST
***

Entry                       Address   Size  Type      Object
-----                       -------   ----  ----      ------
.iar.init_table$$Base    0x800'0a48          --   Gb  - Linker created -
.iar.init_table$$Limit   0x800'0a58          --   Gb  - Linker created -
?main                    0x800'0a59         Code  Gb  cmain.o [4]
AHBPrescTable            0x800'09ec   0x10  Data  Gb  system_stm32f4xx.o [1]
BusFault_Handler         0x800'0ac3    0x2  Code  Gb  stm32f4xx_it.o [1]
CSTACK$$Base            0x2000'0018          --   Gb  - Linker created -
CSTACK$$Limit           0x2000'0418          --   Gb  - Linker created -
DebugMon_Handler         0x800'0ac9    0x2  Code  Gb  stm32f4xx_it.o [1]
HAL_GetTick              0x800'0499    0xc  Code  Wk  stm32f4xx_hal.o [1]
HAL_IncTick              0x800'0ad1   0x10  Code  Wk  stm32f4xx_hal.o [1]
HAL_InitTick             0x800'0625   0x40  Code  Wk  stm32f4xx_hal.o [1]
HAL_NVIC_SetPriority     0x800'0787   0x3a  Code  Gb  stm32f4xx_hal_cortex.o [1]
HAL_RCC_ClockConfig      0x800'04a5  0x100  Code  Gb  stm32f4xx_hal_rcc.o [1]
HAL_RCC_OscConfig        0x800'0189  0x310  Code  Wk  stm32f4xx_hal_rcc.o [1]
HAL_SYSTICK_Config       0x800'07c1   0x28  Code  Gb  stm32f4xx_hal_cortex.o [1]
HardFault_Handler        0x800'0abf    0x2  Code  Gb  stm32f4xx_it.o [1]
MemManage_Handler        0x800'0ac1    0x2  Code  Gb  stm32f4xx_it.o [1]
NMI_Handler              0x800'0abd    0x2  Code  Gb  stm32f4xx_it.o [1]
PendSV_Handler           0x800'0acb    0x2  Code  Gb  stm32f4xx_it.o [1]
Region$$Table$$Base      0x800'0a48          --   Gb  - Linker created -
Region$$Table$$Limit     0x800'0a58          --   Gb  - Linker created -
SVC_Handler              0x800'0ac7    0x2  Code  Gb  stm32f4xx_it.o [1]
SysTick_Handler          0x800'0acd    0x4  Code  Gb  stm32f4xx_it.o [1]
SystemClock_Config       0x800'08ad   0x92  Code  Gb  main.o [1]
SystemCoreClock         0x2000'000c    0x4  Data  Gb  system_stm32f4xx.o [1]
SystemInit               0x800'09d1   0x14  Code  Gb  system_stm32f4xx.o [1]
UsageFault_Handler       0x800'0ac5    0x2  Code  Gb  stm32f4xx_it.o [1]
__NVIC_SetPriority       0x800'076d   0x1a  Code  Lc  stm32f4xx_hal_cortex.o [1]
__aeabi_ldiv0            0x800'07f9         Code  Gb  I64DivZer.o [4]
__aeabi_memclr4          0x800'095d         Code  Gb  ABImemclr4.o [4]
__cmain                  0x800'0a59         Code  Gb  cmain.o [4]
__exit                   0x800'0a8d   0x14  Code  Gb  exit.o [5]
__iar_Memset4_word       0x800'0965         Code  Gb  ABImemset48.o [4]
__iar_Memset8_word       0x800'0965         Code  Gb  ABImemset48.o [4]
__iar_data_init3         0x800'09fd   0x28  Code  Gb  data_init.o [4]
__iar_init_vfp           0x800'0a25         Code  Gb  fpinit_M.o [3]
__iar_packbits_init_single3
                         0x800'0997   0x38  Code  Gb  packbits_init_single.o [4]
__iar_program_start      0x800'0aa1         Code  Gb  cstartup_M.o [4]
__iar_small_uldivmod     0x800'0665         Code  Gb  I64DivMod_small.o [4]
__low_level_init         0x800'0a77    0x4  Code  Gb  low_level_init.o [2]
__vector_table           0x800'0000         Data  Gb  startup_stm32f407xx.o [1]
_call_main               0x800'0a65         Code  Gb  cmain.o [4]
_exit                    0x800'0a81         Code  Gb  cexit.o [4]
_main                    0x800'0a6f         Code  Gb  cmain.o [4]
cnt                     0x2000'0010    0x4  Data  Gb  main.o [1]
exit                     0x800'0a7b    0x4  Code  Gb  exit.o [2]
gpio_init                0x800'0809   0x2e  Code  Gb  main.o [1]
main                     0x800'0837   0x76  Code  Gb  main.o [1]
temp                    0x2000'0014    0x4  Data  Gb  main.o [1]
tim6_clock_enable        0x800'07fd    0xc  Code  Gb  main.o [1]
uwTick                  0x2000'0004    0x4  Data  Gb  stm32f4xx_hal.o [1]
uwTickFreq              0x2000'0000    0x1  Data  Gb  stm32f4xx_hal.o [1]
uwTickPrio              0x2000'0008    0x4  Data  Gb  stm32f4xx_hal.o [1]


[1] = C:\Users\alperen\Desktop\STAJ_1\CubeMX_Project\TIMER_LowLevel_Delay\timerProject\EWARM\timerProject\Obj
[2] = dl7M_tlf.a
[3] = m7M_tls.a
[4] = rt7M_tl.a
[5] = shb_l.a

  3'106 bytes of readonly  code memory
     31 bytes of readonly  data memory
  1'048 bytes of readwrite data memory

Errors: none
Warnings: none
